I'm sorry, but errors were detected in your script. Please correct the
errors listed below, and try again.


File "game/chapter3.rpy", line 142: end of line expected.
    n "Despite your pleas and attempt to hang, you feel yourself slip and fall. You squeeze your eyes shut and wait for your head to break on the hard "Willie the Warden" themed floor tiling."
                                                                                                                                                        ^

Ren'Py Version: Ren'Py 8.1.3.23091805
Sun Jan 28 11:28:39 2024
